main.c:2440:6:HAL_RTCEx_RTCEventCallback	16	static
main.c:2448:6:HAL_UART_RxCpltCallback	16	static
main.c:2456:6:HAL_UART_ErrorCallback	32	static
main.c:2468:6:handle_rx	24	static
main.c:2497:6:usart_process_data	24	static
main.c:2518:6:setPixel	24	static
main.c:2544:6:setPixel_foreground	24	static
main.c:2569:6:setAll	32	static
main.c:2595:6:setAll_foreground	32	static
main.c:2621:6:copyForegroundPixel	24	static
main.c:2640:6:showStrip	8	static
main.c:2647:6:RGBLoop	8	static
main.c:2687:6:RGBLoop_foreground	8	static
main.c:2727:6:FadeInOut	48	static
main.c:2747:6:rainbowCycle	16	static
main.c:2764:6:rainbowCycle_foreground	16	static
main.c:2783:11:Wheel	16	static
main.c:2805:6:home	4	static
main.c:2809:6:putchar_m	32	static
main.c:2916:6:putchar_fg	32	static
main.c:3010:6:putchar_fg_a	40	static
main.c:3137:6:putcolon	16	static
main.c:3163:5:main	8	static
main.c:3248:6:SystemClock_Config	88	static
main.c:3294:13:MX_I2C2_Init	8	static
main.c:3328:13:MX_RTC_Init	8	static
main.c:3358:13:MX_SPI1_Init	8	static
main.c:3396:13:MX_USART1_UART_Init	8	static
main.c:3427:13:MX_DMA_Init	16	static
main.c:3451:13:MX_GPIO_Init	40	static
main.c:3484:6:StartDefaultTask	16	static
main.c:3511:6:StartLedTask	32	static
main.c:3602:6:HAL_TIM_PeriodElapsedCallback	16	static
main.c:3619:6:Error_Handler	4	static
